  Determining projects to restore...
  All projects are up-to-date for restore.
  ResumeBuilder.Tests -> C:\Users\CDAC\Desktop\Shweta\SmartResumeBuilder\tests\ResumeBuilder.Tests\ResumeBuilder.Tests\bin\Debug\net8.0\ResumeBuilder.Tests.dll
Test run for C:\Users\CDAC\Desktop\Shweta\SmartResumeBuilder\tests\ResumeBuilder.Tests\ResumeBuilder.Tests\bin\Debug\net8.0\ResumeBuilder.Tests.dll (.NETCoreApp,Version=v8.0)
VSTest version 17.14.1 (x64)

Starting test execution, please wait...
A total of 1 test files matched the specified pattern.

Passed!  - Failed:     0, Passed:     1, Skipped:     0, Total:     1, Duration: 1 ms - ResumeBuilder.Tests.dll (net8.0)

Workload updates are available. Run `dotnet workload list` for more information.
